Archive member included to satisfy reference by file (symbol)

C:/ST/STM32CubeIDE_1.15.1/STM32CubeIDE/plugins/com.st.stm32cube.ide.mcu.externaltools.gnu-tools-for-stm32.13.3.rel1.win32_1.0.0.202411081344/tools/bin/../lib/gcc/arm-none-eabi/13.3.1/../../../../arm-none-eabi/lib/thumb/v7e-m/nofp\libc_nano.a(libc_a-exit.o)
                              C:/ST/STM32CubeIDE_1.15.1/STM32CubeIDE/plugins/com.st.stm32cube.ide.mcu.externaltools.gnu-tools-for-stm32.13.3.rel1.win32_1.0.0.202411081344/tools/bin/../lib/gcc/arm-none-eabi/13.3.1/../../../../arm-none-eabi/lib/thumb/v7e-m/nofp/crt0.o (exit)
C:/ST/STM32CubeIDE_1.15.1/STM32CubeIDE/plugins/com.st.stm32cube.ide.mcu.externaltools.gnu-tools-for-stm32.13.3.rel1.win32_1.0.0.202411081344/tools/bin/../lib/gcc/arm-none-eabi/13.3.1/../../../../arm-none-eabi/lib/thumb/v7e-m/nofp\libc_nano.a(libc_a-findfp.o)
                              C:/ST/STM32CubeIDE_1.15.1/STM32CubeIDE/plugins/com.st.stm32cube.ide.mcu.externaltools.gnu-tools-for-stm32.13.3.rel1.win32_1.0.0.202411081344/tools/bin/../lib/gcc/arm-none-eabi/13.3.1/../../../../arm-none-eabi/lib/thumb/v7e-m/nofp\libc_nano.a(libc_a-exit.o) (__stdio_exit_handler)
C:/ST/STM32CubeIDE_1.15.1/STM32CubeIDE/plugins/com.st.stm32cube.ide.mcu.externaltools.gnu-tools-for-stm32.13.3.rel1.win32_1.0.0.202411081344/tools/bin/../lib/gcc/arm-none-eabi/13.3.1/../../../../arm-none-eabi/lib/thumb/v7e-m/nofp\libc_nano.a(libc_a-fwalk.o)
                              C:/ST/STM32CubeIDE_1.15.1/STM32CubeIDE/plugins/com.st.stm32cube.ide.mcu.externaltools.gnu-tools-for-stm32.13.3.rel1.win32_1.0.0.202411081344/tools/bin/../lib/gcc/arm-none-eabi/13.3.1/../../../../arm-none-eabi/lib/thumb/v7e-m/nofp\libc_nano.a(libc_a-findfp.o) (_fwalk_sglue)
C:/ST/STM32CubeIDE_1.15.1/STM32CubeIDE/plugins/com.st.stm32cube.ide.mcu.externaltools.gnu-tools-for-stm32.13.3.rel1.win32_1.0.0.202411081344/tools/bin/../lib/gcc/arm-none-eabi/13.3.1/../../../../arm-none-eabi/lib/thumb/v7e-m/nofp\libc_nano.a(libc_a-stdio.o)
                              C:/ST/STM32CubeIDE_1.15.1/STM32CubeIDE/plugins/com.st.stm32cube.ide.mcu.externaltools.gnu-tools-for-stm32.13.3.rel1.win32_1.0.0.202411081344/tools/bin/../lib/gcc/arm-none-eabi/13.3.1/../../../../arm-none-eabi/lib/thumb/v7e-m/nofp\libc_nano.a(libc_a-findfp.o) (__sread)
C:/ST/STM32CubeIDE_1.15.1/STM32CubeIDE/plugins/com.st.stm32cube.ide.mcu.externaltools.gnu-tools-for-stm32.13.3.rel1.win32_1.0.0.202411081344/tools/bin/../lib/gcc/arm-none-eabi/13.3.1/../../../../arm-none-eabi/lib/thumb/v7e-m/nofp\libc_nano.a(libc_a-memset.o)
                              C:/ST/STM32CubeIDE_1.15.1/STM32CubeIDE/plugins/com.st.stm32cube.ide.mcu.externaltools.gnu-tools-for-stm32.13.3.rel1.win32_1.0.0.202411081344/tools/bin/../lib/gcc/arm-none-eabi/13.3.1/../../../../arm-none-eabi/lib/thumb/v7e-m/nofp/crt0.o (memset)
C:/ST/STM32CubeIDE_1.15.1/STM32CubeIDE/plugins/com.st.stm32cube.ide.mcu.externaltools.gnu-tools-for-stm32.13.3.rel1.win32_1.0.0.202411081344/tools/bin/../lib/gcc/arm-none-eabi/13.3.1/../../../../arm-none-eabi/lib/thumb/v7e-m/nofp\libc_nano.a(libc_a-closer.o)
                              C:/ST/STM32CubeIDE_1.15.1/STM32CubeIDE/plugins/com.st.stm32cube.ide.mcu.externaltools.gnu-tools-for-stm32.13.3.rel1.win32_1.0.0.202411081344/tools/bin/../lib/gcc/arm-none-eabi/13.3.1/../../../../arm-none-eabi/lib/thumb/v7e-m/nofp\libc_nano.a(libc_a-stdio.o) (_close_r)
C:/ST/STM32CubeIDE_1.15.1/STM32CubeIDE/plugins/com.st.stm32cube.ide.mcu.externaltools.gnu-tools-for-stm32.13.3.rel1.win32_1.0.0.202411081344/tools/bin/../lib/gcc/arm-none-eabi/13.3.1/../../../../arm-none-eabi/lib/thumb/v7e-m/nofp\libc_nano.a(libc_a-reent.o)
                              C:/ST/STM32CubeIDE_1.15.1/STM32CubeIDE/plugins/com.st.stm32cube.ide.mcu.externaltools.gnu-tools-for-stm32.13.3.rel1.win32_1.0.0.202411081344/tools/bin/../lib/gcc/arm-none-eabi/13.3.1/../../../../arm-none-eabi/lib/thumb/v7e-m/nofp\libc_nano.a(libc_a-closer.o) (errno)
C:/ST/STM32CubeIDE_1.15.1/STM32CubeIDE/plugins/com.st.stm32cube.ide.mcu.externaltools.gnu-tools-for-stm32.13.3.rel1.win32_1.0.0.202411081344/tools/bin/../lib/gcc/arm-none-eabi/13.3.1/../../../../arm-none-eabi/lib/thumb/v7e-m/nofp\libc_nano.a(libc_a-impure.o)
                              C:/ST/STM32CubeIDE_1.15.1/STM32CubeIDE/plugins/com.st.stm32cube.ide.mcu.externaltools.gnu-tools-for-stm32.13.3.rel1.win32_1.0.0.202411081344/tools/bin/../lib/gcc/arm-none-eabi/13.3.1/../../../../arm-none-eabi/lib/thumb/v7e-m/nofp\libc_nano.a(libc_a-reent.o) (_impure_ptr)
C:/ST/STM32CubeIDE_1.15.1/STM32CubeIDE/plugins/com.st.stm32cube.ide.mcu.externaltools.gnu-tools-for-stm32.13.3.rel1.win32_1.0.0.202411081344/tools/bin/../lib/gcc/arm-none-eabi/13.3.1/../../../../arm-none-eabi/lib/thumb/v7e-m/nofp\libc_nano.a(libc_a-lseekr.o)
[...]
Memory Configuration

Name             Origin             Length             Attributes
FLASH            0x08000000         0x00200000         xr
DTCMRAM          0x20000000         0x00020000         xrw
RAM_D1           0x24000000         0x00080000         xrw
RAM_D2           0x30000000         0x00048000         xrw
RAM_D3           0x38000000         0x00010000         xrw
ITCMRAM          0x00000000         0x00010000         xrw
*default*        0x00000000         0xffffffff

Linker script and memory map

LOAD C:/ST/STM32CubeIDE_1.15.1/STM32CubeIDE/plugins/com.st.stm32cube.ide.mcu.externaltools.gnu-tools-for-stm32.13.3.rel1.win32_1.0.0.202411081344/tools/bin/../lib/gcc/arm-none-eabi/13.3.1/thumb/v7e-m/nofp/crti.o
LOAD C:/ST/STM32CubeIDE_1.15.1/STM32CubeIDE/plugins/com.st.stm32cube.ide.mcu.externaltools.gnu-tools-for-stm32.13.3.rel1.win32_1.0.0.202411081344/tools/bin/../lib/gcc/arm-none-eabi/13.3.1/thumb/v7e-m/nofp/crtbegin.o
LOAD C:/ST/STM32CubeIDE_1.15.1/STM32CubeIDE/plugins/com.st.stm32cube.ide.mcu.externaltools.gnu-tools-for-stm32.13.3.rel1.win32_1.0.0.202411081344/tools/bin/../lib/gcc/arm-none-eabi/13.3.1/../../../../arm-none-eabi/lib/thumb/v7e-m/nofp/crt0.o
LOAD ./Drivers/Src/stm32h743xx_gpio_driver.o
LOAD ./Src/003button_interrupt.o
LOAD ./Src/syscalls.o
LOAD ./Src/sysmem.o
LOAD ./Startup/startup_stm32h743zitx.o
START GROUP
LOAD C:/ST/STM32CubeIDE_1.15.1/STM32CubeIDE/plugins/com.st.stm32cube.ide.mcu.externaltools.gnu-tools-for-stm32.13.3.rel1.win32_1.0.0.202411081344/tools/bin/../lib/gcc/arm-none-eabi/13.3.1/../../../../arm-none-eabi/lib/thumb/v7e-m/nofp\libc_nano.a
LOAD C:/ST/STM32CubeIDE_1.15.1/STM32CubeIDE/plugins/com.st.stm32cube.ide.mcu.externaltools.gnu-tools-for-stm32.13.3.rel1.win32_1.0.0.202411081344/tools/bin/../lib/gcc/arm-none-eabi/13.3.1/../../../../arm-none-eabi/lib/thumb/v7e-m/nofp\libm.a
END GROUP
START GROUP
LOAD C:/ST/STM32CubeIDE_1.15.1/STM32CubeIDE/plugins/com.st.stm32cube.ide.mcu.externaltools.gnu-tools-for-stm32.13.3.rel1.win32_1.0.0.202411081344/tools/bin/../lib/gcc/arm-none-eabi/13.3.1/thumb/v7e-m/nofp\libgcc.a
LOAD C:/ST/STM32CubeIDE_1.15.1/STM32CubeIDE/plugins/com.st.stm32cube.ide.mcu.externaltools.gnu-tools-for-stm32.13.3.rel1.win32_1.0.0.202411081344/tools/bin/../lib/gcc/arm-none-eabi/13.3.1/../../../../arm-none-eabi/lib/thumb/v7e-m/nofp\libc_nano.a
END GROUP
START GROUP
LOAD C:/ST/STM32CubeIDE_1.15.1/STM32CubeIDE/plugins/com.st.stm32cube.ide.mcu.externaltools.gnu-tools-for-stm32.13.3.rel1.win32_1.0.0.202411081344/tools/bin/../lib/gcc/arm-none-eabi/13.3.1/thumb/v7e-m/nofp\libgcc.a
LOAD C:/ST/STM32CubeIDE_1.15.1/STM32CubeIDE/plugins/com.st.stm32cube.ide.mcu.externaltools.gnu-tools-for-stm32.13.3.rel1.win32_1.0.0.202411081344/tools/bin/../lib/gcc/arm-none-eabi/13.3.1/../../../../arm-none-eabi/lib/thumb/v7e-m/nofp\libc_nano.a
LOAD C:/ST/STM32CubeIDE_1.15.1/STM32CubeIDE/plugins/com.st.stm32cube.ide.mcu.externaltools.gnu-tools-for-stm32.13.3.rel1.win32_1.0.0.202411081344/tools/bin/../lib/gcc/arm-none-eabi/13.3.1/../../../../arm-none-eabi/lib/thumb/v7e-m/nofp\libnosys.a
END GROUP
START GROUP
LOAD C:/ST/STM32CubeIDE_1.15.1/STM32CubeIDE/plugins/com.st.stm32cube.ide.mcu.externaltools.gnu-tools-for-stm32.13.3.rel1.win32_1.0.0.202411081344/tools/bin/../lib/gcc/arm-none-eabi/13.3.1/thumb/v7e-m/nofp\libgcc.a
LOAD C:/ST/STM32CubeIDE_1.15.1/STM32CubeIDE/plugins/com.st.stm32cube.ide.mcu.externaltools.gnu-tools-for-stm32.13.3.rel1.win32_1.0.0.202411081344/tools/bin/../lib/gcc/arm-none-eabi/13.3.1/../../../../arm-none-eabi/lib/thumb/v7e-m/nofp\libc_nano.a
LOAD C:/ST/STM32CubeIDE_1.15.1/STM32CubeIDE/plugins/com.st.stm32cube.ide.mcu.externaltools.gnu-tools-for-stm32.13.3.rel1.win32_1.0.0.202411081344/tools/bin/../lib/gcc/arm-none-eabi/13.3.1/../../../../arm-none-eabi/lib/thumb/v7e-m/nofp\libnosys.a
END GROUP
LOAD C:/ST/STM32CubeIDE_1.15.1/STM32CubeIDE/plugins/com.st.stm32cube.ide.mcu.externaltools.gnu-tools-for-stm32.13.3.rel1.win32_1.0.0.202411081344/tools/bin/../lib/gcc/arm-none-eabi/13.3.1/thumb/v7e-m/nofp/crtend.o
LOAD C:/ST/STM32CubeIDE_1.15.1/STM32CubeIDE/plugins/com.st.stm32cube.ide.mcu.externaltools.gnu-tools-for-stm32.13.3.rel1.win32_1.0.0.202411081344/tools/bin/../lib/gcc/arm-none-eabi/13.3.1/thumb/v7e-m/nofp/crtn.o
                0x24080000                        _estack = (ORIGIN (RAM_D1) + LENGTH (RAM_D1))
                0x00000200                        _Min_Heap_Size = 0x200
                0x00000400                        _Min_Stack_Size = 0x400

.isr_vector     0x08000000      0x298
                0x08000000                        . = ALIGN (0x4)
 *(.isr_vector)
 .isr_vector    0x08000000      0x298 ./Startup/startup_stm32h743zitx.o
                0x08000000                g_pfnVectors
                0x08000298                        . = ALIGN (0x4)

.text           0x08000298      0x93c
                0x08000298                        . = ALIGN (0x4)
 *(.text)
 .text          0x08000298       0x40 C:/ST/STM32CubeIDE_1.15.1/STM32CubeIDE/plugins/com.st.stm32cube.ide.mcu.externaltools.gnu-tools-for-stm32.13.3.rel1.win32_1.0.0.202411081344/tools/bin/../lib/gcc/arm-none-eabi/13.3.1/thumb/v7e-m/nofp/crtbegin.o
 *(.text*)
 .text.GPIO_Periclkcontrol
                0x080002d8      0x218 ./Drivers/Src/stm32h743xx_gpio_driver.o
                0x080002d8                GPIO_Periclkcontrol
 .text.GPIO_Init
                0x080004f0      0x3e8 ./Drivers/Src/stm32h743xx_gpio_driver.o
                0x080004f0                GPIO_Init
 .text.GPIO_ToggleOutputPin
                0x080008d8       0x28 ./Drivers/Src/stm32h743xx_gpio_driver.o
                0x080008d8                GPIO_ToggleOutputPin
 .text.GPIO_IRQConfig
                0x08000900      0x108 ./Drivers/Src/stm32h743xx_gpio_driver.o
                0x08000900                GPIO_IRQConfig
 .text.GPIO_IRQPriorityConfig
                0x08000a08       0x44 ./Drivers/Src/stm32h743xx_gpio_driver.o
                0x08000a08                GPIO_IRQPriorityConfig
 .text.GPIO_IRQHandling
                0x08000a4c       0x46 ./Drivers/Src/stm32h743xx_gpio_driver.o
                0x08000a4c                GPIO_IRQHandling
 *fill*         0x08000a92        0x2 
 .text.main     0x08000a94       0x70 ./Src/003button_interrupt.o
                0x08000a94                main
 .text.EXTI15_10_IRQHandler
                0x08000b04       0x1c ./Src/003button_interrupt.o
                0x08000b04                EXTI15_10_IRQHandler
 .text.Reset_Handler
                0x08000b20       0x50 ./Startup/startup_stm32h743zitx.o
                0x08000b20                Reset_Handler
 .text.Default_Handler
                0x08000b70        0x2 ./Startup/startup_stm32h743zitx.o
                0x08000b70                HASH_RNG_IRQHandler
                0x08000b70                EXTI2_IRQHandler
                0x08000b70                TIM8_CC_IRQHandler
                0x08000b70                DMA_STR2_IRQHandler
                0x08000b70                DebugMon_Handler
                0x08000b70                UART8_IRQHandler
                0x08000b70                SPI4_IRQHandler
                0x08000b70                HRTIM1_MST_IRQHandler
                0x08000b70                HardFault_Handler
                0x08000b70                DMA_STR5_IRQHandler
                0x08000b70                HRTIM1_FLT_IRQHandler
                0x08000b70                JPEG_IRQHandler
                0x08000b70                SysTick_Handler
                0x08000b70                DMA2_STR1_IRQHandler
                0x08000b70                DMA2_STR5_IRQHandler
                0x08000b70                HRTIM1_TIMD_IRQHandler
                0x08000b70                PendSV_Handler
                0x08000b70                NMI_Handler
                0x08000b70                EXTI3_IRQHandler
                0x08000b70                LPTIM4_IRQHandler
                0x08000b70                TIM8_TRG_COM_TIM14_IRQHandler
                0x08000b70                LPTIM2_IRQHandler
                0x08000b70                DFSDM1_FLT1_IRQHandler
                0x08000b70                DMAMUX2_OVR_IRQHandler
                0x08000b70                TIM8_UP_TIM13_IRQHandler
                0x08000b70                I2C3_ER_IRQHandler
                0x08000b70                DFSDM1_FLT2_IRQHandler
                0x08000b70                MDMA_IRQHandler
                0x08000b70                LPTIM3_IRQHandler
                0x08000b70                EXTI0_IRQHandler
                0x08000b70                I2C2_EV_IRQHandler
                0x08000b70                FPU_IRQHandler
                0x08000b70                DMA_STR1_IRQHandler
                0x08000b70                OTG_HS_WKUP_IRQHandler
                0x08000b70                FDCAN1_IT1_IRQHandler
                0x08000b70                UsageFault_Handler
                0x08000b70                LTDC_ER_IRQHandler
                0x08000b70                ADC1_2_IRQHandler
                0x08000b70                SPI1_IRQHandler
                0x08000b70                BDMA_CH2_IRQHandler
                0x08000b70                TIM6_DAC_IRQHandler
                0x08000b70                DCMI_IRQHandler
                0x08000b70                HRTIM1_TIMC_IRQHandler
                0x08000b70                SDMMC_IRQHandler
                0x08000b70                RTC_ALARM_IRQHandler
                0x08000b70                DMA_STR0_IRQHandler
                0x08000b70                SAI2_IRQHandler
                0x08000b70                DMA2_STR3_IRQHandler
                0x08000b70                DFSDM1_FLT3_IRQHandler
                0x08000b70                USART6_IRQHandler
                0x08000b70                BDMA_CH5_IRQHandler
                0x08000b70                TIM17_IRQHandler
                0x08000b70                BDMA_CH6_IRQHandler
                0x08000b70                USART3_IRQHandler
                0x08000b70                WKUP_IRQHandler
                0x08000b70                BDMA_CH3_IRQHandler
                0x08000b70                LPTIM5_IRQHandler
                0x08000b70                LPUART_IRQHandler
                0x08000b70                UART5_IRQHandler
                0x08000b70                ADC3_IRQHandler
                0x08000b70                DMA_STR6_IRQHandler
                0x08000b70                TIM4_IRQHandler
                0x08000b70                QUADSPI_IRQHandler
                0x08000b70                I2C1_EV_IRQHandler
                0x08000b70                DMA1_STR7_IRQHandler
                0x08000b70                TIM16_IRQHandler
                0x08000b70                UART4_IRQHandler
                0x08000b70                TIM3_IRQHandler
                0x08000b70                RCC_IRQHandler
                0x08000b70                TIM8_BRK_TIM12_IRQHandler
                0x08000b70                TIM1_TRG_COM_IRQHandler
                0x08000b70                Default_Handler
                0x08000b70                HRTIM_TIMB_IRQHandler
                0x08000b70                CEC_IRQHandler
                0x08000b70                BDMA_CH4_IRQHandler
                0x08000b70                DMA_STR3_IRQHandler
                0x08000b70                HRTIM_TIME_IRQHandler
                0x08000b70                HRTIM1_TIMA_IRQHandler
                0x08000b70                SPI5_IRQHandler
                0x08000b70                TIM7_IRQHandler
                0x08000b70                SDMMC1_IRQHandler
                0x08000b70                TIM5_IRQHandler
                0x08000b70                SPDIF_IRQHandler
                0x08000b70                TIM15_IRQHandler
                0x08000b70                I2C3_EV_IRQHandler
                0x08000b70                WWDG1_RST_IRQHandler
                0x08000b70                EXTI9_5_IRQHandler
                0x08000b70                DMA2_STR4_IRQHandler
                0x08000b70                RTC_WKUP_IRQHandler
                0x08000b70                DMA2_STR6_IRQHandler
                0x08000b70                LTDC_IRQHandler
                0x08000b70                SAI3_IRQHandler
                0x08000b70                ETH_WKUP_IRQHandler
                0x08000b70                PVD_PVM_IRQHandler
                0x08000b70                BDMA_CH0_IRQHandler
                0x08000b70                SPI2_IRQHandler
                0x08000b70                OTG_HS_EP1_IN_IRQHandler
                0x08000b70                MemManage_Handler
                0x08000b70                DMA2_STR0_IRQHandler
                0x08000b70                SVC_Handler
                0x08000b70                CRS_IRQHandler
                0x08000b70                EXTI4_IRQHandler
                0x08000b70                DMAMUX1_OV_IRQHandler
                0x08000b70                FDCAN2_IT1_IRQHandler
                0x08000b70                DMA_STR4_IRQHandler
                0x08000b70                COMP_IRQHandler
                0x08000b70                DMA2_STR2_IRQHandler
                0x08000b70                ETH_IRQHandler
                0x08000b70                TIM1_UP_IRQHandler
                0x08000b70                DMA2_STR7_IRQHandler
                0x08000b70                OTG_HS_EP1_OUT_IRQHandler
                0x08000b70                SPI6_IRQHandler
                0x08000b70                MDIOS_IRQHandler
                0x08000b70                I2C4_EV_IRQHandler
                0x08000b70                FDCAN2_IT0_IRQHandler
                0x08000b70                BDMA_CH7_IRQHandler
                0x08000b70                FDCAN1_IT0_IRQHandler
                0x08000b70                TIM2_IRQHandler
                0x08000b70                HSEM0_IRQHandler
                0x08000b70                OTG_FS_WKUP_IRQHandler
                0x08000b70                OTG_HS_IRQHandler
                0x08000b70                DMA2D_IRQHandler
                0x08000b70                TIM1_BRK_IRQHandler
                0x08000b70                EXTI1_IRQHandler
                0x08000b70                OTG_FS_EP1_OUT_IRQHandler
                0x08000b70                UART7_IRQHandler
                0x08000b70                MDIOS_WKUP_IRQHandler
                0x08000b70                USART2_IRQHandler
                0x08000b70                DFSDM1_FLT0_IRQHandler
                0x08000b70                SAI4_IRQHandler
                0x08000b70                I2C2_ER_IRQHandler
                0x08000b70                FLASH_IRQHandler
                0x08000b70                WWDG1_IRQHandler
                0x08000b70                BusFault_Handler
                0x08000b70                USART1_IRQHandler
                0x08000b70                OTG_FS_IRQHandler
                0x08000b70                SPI3_IRQHandler
                0x08000b70                OTG_FS_EP1_IN_IRQHandler
                0x08000b70                I2C1_ER_IRQHandler
                0x08000b70                FMC_IRQHandler
                0x08000b70                BDMA_CH1_IRQHandler
                0x08000b70                FDCAN_CAL_IRQHandler
                0x08000b70                SWPMI1_IRQHandler
                0x08000b70                LPTIM1_IRQHandler
                0x08000b70                TIM_CC_IRQHandler
                0x08000b70                I2C4_ER_IRQHandler
                0x08000b70                SAI1_IRQHandler
                0x08000b70                RTC_TAMP_STAMP_CSS_LSE_IRQHandler
 *fill*         0x08000b72        0x2 
 .text.__libc_init_array
                0x08000b74       0x48 C:/ST/STM32CubeIDE_1.15.1/STM32CubeIDE/plugins/com.st.stm32cube.ide.mcu.externaltools.gnu-tools-for-stm32.13.3.rel1.win32_1.0.0.202411081344/tools/bin/../lib/gcc/arm-none-eabi/13.3.1/../../../../arm-none-eabi/lib/thumb/v7e-m/nofp\libc_nano.a(libc_a-init.o)
                0x08000b74                __libc_init_array
 *(.glue_7)
 .glue_7        0x08000bbc        0x0 linker stubs
 *(.glue_7t)
 .glue_7t       0x08000bbc        0x0 linker stubs
 *(.eh_frame)
 .eh_frame      0x08000bbc        0x0 C:/ST/STM32CubeIDE_1.15.1/STM32CubeIDE/plugins/com.st.stm32cube.ide.mcu.externaltools.gnu-tools-for-stm32.13.3.rel1.win32_1.0.0.202411081344/tools/bin/../lib/gcc/arm-none-eabi/13.3.1/thumb/v7e-m/nofp/crtbegin.o
 *(.init)
 .init          0x08000bbc        0x4 C:/ST/STM32CubeIDE_1.15.1/STM32CubeIDE/plugins/com.st.stm32cube.ide.mcu.externaltools.gnu-tools-for-stm32.13.3.rel1.win32_1.0.0.202411081344/tools/bin/../lib/gcc/arm-none-eabi/13.3.1/thumb/v7e-m/nofp/crti.o
                0x08000bbc                _init
 .init          0x08000bc0        0x8 C:/ST/STM32CubeIDE_1.15.1/STM32CubeIDE/plugins/com.st.stm32cube.ide.mcu.externaltools.gnu-tools-for-stm32.13.3.rel1.win32_1.0.0.202411081344/tools/bin/../lib/gcc/arm-none-eabi/13.3.1/thumb/v7e-m/nofp/crtn.o
 *(.fini)
 .fini          0x08000bc8        0x4 C:/ST/STM32CubeIDE_1.15.1/STM32CubeIDE/plugins/com.st.stm32cube.ide.mcu.externaltools.gnu-tools-for-stm32.13.3.rel1.win32_1.0.0.202411081344/tools/bin/../lib/gcc/arm-none-eabi/13.3.1/thumb/v7e-m/nofp/crti.o
                0x08000bc8                _fini
 .fini          0x08000bcc        0x8 C:/ST/STM32CubeIDE_1.15.1/STM32CubeIDE/plugins/com.st.stm32cube.ide.mcu.externaltools.gnu-tools-for-stm32.13.3.rel1.win32_1.0.0.202411081344/tools/bin/../lib/gcc/arm-none-eabi/13.3.1/thumb/v7e-m/nofp/crtn.o
                0x08000bd4                        . = ALIGN (0x4)
                0x08000bd4                        _etext = .

.vfp11_veneer   0x08000bd4        0x0
 .vfp11_veneer  0x08000bd4        0x0 linker stubs

.v4_bx          0x08000bd4        0x0
 .v4_bx         0x08000bd4        0x0 linker stubs

.iplt           0x08000bd4        0x0
 .iplt          0x08000bd4        0x0 C:/ST/STM32CubeIDE_1.15.1/STM32CubeIDE/plugins/com.st.stm32cube.ide.mcu.externaltools.gnu-tools-for-stm32.13.3.rel1.win32_1.0.0.202411081344/tools/bin/../lib/gcc/arm-none-eabi/13.3.1/thumb/v7e-m/nofp/crtbegin.o

.rodata         0x08000bd4        0x0
                0x08000bd4                        . = ALIGN (0x4)
 *(.rodata)
 *(.rodata*)
                0x08000bd4                        . = ALIGN (0x4)

.ARM.extab
 *(.ARM.extab* .gnu.linkonce.armextab.*)

.ARM            0x08000bd4        0x0
                0x08000bd4                        __exidx_start = .
 *(.ARM.exidx*)
                0x08000bd4                        __exidx_end = .

.preinit_array  0x08000bd4        0x0
                0x08000bd4                        PROVIDE (__preinit_array_start = .)
 *(.preinit_array*)
                0x08000bd4                        PROVIDE (__preinit_array_end = .)

.init_array     0x08000bd4        0x4
                0x08000bd4                        PROVIDE (__init_array_start = .)
 *(SORT_BY_NAME(.init_array.*))
 *(.init_array*)
 .init_array    0x08000bd4        0x4 C:/ST/STM32CubeIDE_1.15.1/STM32CubeIDE/plugins/com.st.stm32cube.ide.mcu.externaltools.gnu-tools-for-stm32.13.3.rel1.win32_1.0.0.202411081344/tools/bin/../lib/gcc/arm-none-eabi/13.3.1/thumb/v7e-m/nofp/crtbegin.o
                0x08000bd8                        PROVIDE (__init_array_end = .)

.fini_array     0x08000bd8        0x4
                [!provide]                        PROVIDE (__fini_array_start = .)
 *(SORT_BY_NAME(.fini_array.*))
 *(.fini_array*)
 .fini_array    0x08000bd8        0x4 C:/ST/STM32CubeIDE_1.15.1/STM32CubeIDE/plugins/com.st.stm32cube.ide.mcu.externaltools.gnu-tools-for-stm32.13.3.rel1.win32_1.0.0.202411081344/tools/bin/../lib/gcc/arm-none-eabi/13.3.1/thumb/v7e-m/nofp/crtbegin.o
                [!provide]                        PROVIDE (__fini_array_end = .)
                0x08000bdc                        _sidata = LOADADDR (.data)

.rel.dyn        0x08000bdc        0x0
 .rel.iplt      0x08000bdc        0x0 C:/ST/STM32CubeIDE_1.15.1/STM32CubeIDE/plugins/com.st.stm32cube.ide.mcu.externaltools.gnu-tools-for-stm32.13.3.rel1.win32_1.0.0.202411081344/tools/bin/../lib/gcc/arm-none-eabi/13.3.1/thumb/v7e-m/nofp/crtbegin.o

.data           0x24000000        0x0 load address 0x08000bdc
                0x24000000                        . = ALIGN (0x4)
                0x24000000                        _sdata = .
 *(.data)
 *(.data*)
 *(.RamFunc)
 *(.RamFunc*)
                0x24000000                        . = ALIGN (0x4)
                0x24000000                        _edata = .

.igot.plt       0x24000000        0x0 load address 0x08000bdc
 .igot.plt      0x24000000        0x0 C:/ST/STM32CubeIDE_1.15.1/STM32CubeIDE/plugins/com.st.stm32cube.ide.mcu.externaltools.gnu-tools-for-stm32.13.3.rel1.win32_1.0.0.202411081344/tools/bin/../lib/gcc/arm-none-eabi/13.3.1/thumb/v7e-m/nofp/crtbegin.o
                0x24000000                        . = ALIGN (0x4)

.bss            0x24000000       0x1c load address 0x08000bdc
                0x24000000                        _sbss = .
                0x24000000                        __bss_start__ = _sbss
 *(.bss)
 .bss           0x24000000       0x1c C:/ST/STM32CubeIDE_1.15.1/STM32CubeIDE/plugins/com.st.stm32cube.ide.mcu.externaltools.gnu-tools-for-stm32.13.3.rel1.win32_1.0.0.202411081344/tools/bin/../lib/gcc/arm-none-eabi/13.3.1/thumb/v7e-m/nofp/crtbegin.o
 *(.bss*)
 *(COMMON)
                0x2400001c                        . = ALIGN (0x4)
                0x2400001c                        _ebss = .
                0x2400001c                        __bss_end__ = _ebss

._user_heap_stack
                0x2400001c      0x604 load address 0x08000bdc
                0x24000020                        . = ALIGN (0x8)
 *fill*         0x2400001c        0x4 
                [!provide]                        PROVIDE (end = .)
                0x24000020                        PROVIDE (_end = .)
                0x24000220                        . = (. + _Min_Heap_Size)
 *fill*         0x24000020      0x200 
                0x24000620                        . = (. + _Min_Stack_Size)
 *fill*         0x24000220      0x400 
                0x24000620                        . = ALIGN (0x8)

/DISCARD/
 libc.a(*)
 libm.a(*)
 libgcc.a(*)

.ARM.attributes
                0x00000000       0x2a
 *(.ARM.attributes)
 .ARM.attributes
                0x00000000       0x1e C:/ST/STM32CubeIDE_1.15.1/STM32CubeIDE/plugins/com.st.stm32cube.ide.mcu.externaltools.gnu-tools-for-stm32.13.3.rel1.win32_1.0.0.202411081344/tools/bin/../lib/gcc/arm-none-eabi/13.3.1/thumb/v7e-m/nofp/crti.o
 .ARM.attributes
                0x0000001e       0x2e C:/ST/STM32CubeIDE_1.15.1/STM32CubeIDE/plugins/com.st.stm32cube.ide.mcu.externaltools.gnu-tools-for-stm32.13.3.rel1.win32_1.0.0.202411081344/tools/bin/../lib/gcc/arm-none-eabi/13.3.1/thumb/v7e-m/nofp/crtbegin.o
 .ARM.attributes
                0x0000004c       0x2e ./Drivers/Src/stm32h743xx_gpio_driver.o
 .ARM.attributes
                0x0000007a       0x2e ./Src/003button_interrupt.o
 .ARM.attributes
                0x000000a8       0x21 ./Startup/startup_stm32h743zitx.o
 .ARM.attributes
                0x000000c9       0x2e C:/ST/STM32CubeIDE_1.15.1/STM32CubeIDE/plugins/com.st.stm32cube.ide.mcu.externaltools.gnu-tools-for-stm32.13.3.rel1.win32_1.0.0.202411081344/tools/bin/../lib/gcc/arm-none-eabi/13.3.1/../../../../arm-none-eabi/lib/thumb/v7e-m/nofp\libc_nano.a(libc_a-init.o)
 .ARM.attributes
                0x000000f7       0x1e C:/ST/STM32CubeIDE_1.15.1/STM32CubeIDE/plugins/com.st.stm32cube.ide.mcu.externaltools.gnu-tools-for-stm32.13.3.rel1.win32_1.0.0.202411081344/tools/bin/../lib/gcc/arm-none-eabi/13.3.1/thumb/v7e-m/nofp/crtn.o
OUTPUT(Stm32h743xx_drivers.elf elf32-littlearm)
LOAD linker stubs
LOAD C:/ST/STM32CubeIDE_1.15.1/STM32CubeIDE/plugins/com.st.stm32cube.ide.mcu.externaltools.gnu-tools-for-stm32.13.3.rel1.win32_1.0.0.202411081344/tools/bin/../lib/gcc/arm-none-eabi/13.3.1/../../../../arm-none-eabi/lib/thumb/v7e-m/nofp\libc.a
LOAD C:/ST/STM32CubeIDE_1.15.1/STM32CubeIDE/plugins/com.st.stm32cube.ide.mcu.externaltools.gnu-tools-for-stm32.13.3.rel1.win32_1.0.0.202411081344/tools/bin/../lib/gcc/arm-none-eabi/13.3.1/../../../../arm-none-eabi/lib/thumb/v7e-m/nofp\libm.a
LOAD C:/ST/STM32CubeIDE_1.15.1/STM32CubeIDE/plugins/com.st.stm32cube.ide.mcu.externaltools.gnu-tools-for-stm32.13.3.rel1.win32_1.0.0.202411081344/tools/bin/../lib/gcc/arm-none-eabi/13.3.1/thumb/v7e-m/nofp\libgcc.a

.debug_info     0x00000000     0x1039
 .debug_info    0x00000000      0xd42 ./Drivers/Src/stm32h743xx_gpio_driver.o
 .debug_info    0x00000d42      0x2c7 ./Src/003button_interrupt.o
 .debug_info    0x00001009       0x30 ./Startup/startup_stm32h743zitx.o

.debug_abbrev   0x00000000      0x360
 .debug_abbrev  0x00000000      0x210 ./Drivers/Src/stm32h743xx_gpio_driver.o
 .debug_abbrev  0x00000210      0x12c ./Src/003button_interrupt.o
 .debug_abbrev  0x0000033c       0x24 ./Startup/startup_stm32h743zitx.o

.debug_aranges  0x00000000       0xc8
 .debug_aranges
                0x00000000       0x70 ./Drivers/Src/stm32h743xx_gpio_driver.o
 .debug_aranges
                0x00000070       0x30 ./Src/003button_interrupt.o
 .debug_aranges
                0x000000a0       0x28 ./Startup/startup_stm32h743zitx.o

.debug_rnglists
                0x00000000       0x8b
 .debug_rnglists
                0x00000000       0x53 ./Drivers/Src/stm32h743xx_gpio_driver.o
 .debug_rnglists
                0x00000053       0x1f ./Src/003button_interrupt.o
 .debug_rnglists
                0x00000072       0x19 ./Startup/startup_stm32h743zitx.o

.debug_macro    0x00000000     0x169c
 .debug_macro   0x00000000       0x8a ./Drivers/Src/stm32h743xx_gpio_driver.o
 .debug_macro   0x0000008a      0xade ./Drivers/Src/stm32h743xx_gpio_driver.o
 .debug_macro   0x00000b68      0x190 ./Drivers/Src/stm32h743xx_gpio_driver.o
 .debug_macro   0x00000cf8       0x22 ./Drivers/Src/stm32h743xx_gpio_driver.o
 .debug_macro   0x00000d1a       0x8e ./Drivers/Src/stm32h743xx_gpio_driver.o
 .debug_macro   0x00000da8       0x51 ./Drivers/Src/stm32h743xx_gpio_driver.o
 .debug_macro   0x00000df9      0x103 ./Drivers/Src/stm32h743xx_gpio_driver.o
 .debug_macro   0x00000efc       0x6a ./Drivers/Src/stm32h743xx_gpio_driver.o
 .debug_macro   0x00000f66      0x1df ./Drivers/Src/stm32h743xx_gpio_driver.o
 .debug_macro   0x00001145      0x3f9 ./Drivers/Src/stm32h743xx_gpio_driver.o
 .debug_macro   0x0000153e       0xc4 ./Drivers/Src/stm32h743xx_gpio_driver.o
 .debug_macro   0x00001602       0x9a ./Src/003button_interrupt.o

.debug_line     0x00000000     0x1009
 .debug_line    0x00000000      0xa94 ./Drivers/Src/stm32h743xx_gpio_driver.o
 .debug_line    0x00000a94      0x4fa ./Src/003button_interrupt.o
 .debug_line    0x00000f8e       0x7b ./Startup/startup_stm32h743zitx.o

.debug_str      0x00000000     0x6004
 .debug_str     0x00000000     0x6004 ./Drivers/Src/stm32h743xx_gpio_driver.o
                               0x61f9 (size before relaxing)
 .debug_str     0x00006004     0x5d14 ./Src/003button_interrupt.o
 .debug_str     0x00006004       0x79 ./Startup/startup_stm32h743zitx.o

.comment        0x00000000       0x43
 .comment       0x00000000       0x43 ./Drivers/Src/stm32h743xx_gpio_driver.o
                                 0x44 (size before relaxing)
 .comment       0x00000043       0x44 ./Src/003button_interrupt.o

.debug_frame    0x00000000      0x268
 .debug_frame   0x00000000      0x1c8 ./Drivers/Src/stm32h743xx_gpio_driver.o
 .debug_frame   0x000001c8       0x74 ./Src/003button_interrupt.o
 .debug_frame   0x0000023c       0x2c C:/ST/STM32CubeIDE_1.15.1/STM32CubeIDE/plugins/com.st.stm32cube.ide.mcu.externaltools.gnu-tools-for-stm32.13.3.rel1.win32_1.0.0.202411081344/tools/bin/../lib/gcc/arm-none-eabi/13.3.1/../../../../arm-none-eabi/lib/thumb/v7e-m/nofp\libc_nano.a(libc_a-init.o)

.debug_line_str
                0x00000000       0x5d
 .debug_line_str
                0x00000000       0x5d ./Startup/startup_stm32h743zitx.o
